
[1m[46m RUN [49m[22m [36mv4.1.0 [39m[90mC:/Users/User/Documents/GitHub/ProiectAIDiodele/client[39m

 [31mΓ¥»[39m src/DashboardAML.test.tsx [2m([22m[2m2 tests[22m[2m | [22m[31m1 failed[39m[2m)[22m[33m 1844[2mms[22m[39m
     [33m[2mΓ£ô[22m[39m Test 1: Verify that an input form exists containing a text field to enter a "company name" and a submit button [33m 549[2mms[22m[39m
[31m     [31m├ù[31m Test 2: Simulate submitting the form with mock data and verify UI eventually displays AML Risk Score and Explanation[39m[33m 1293[2mms[22m[39m
node.exe : 
At line:1 char:1
+ & "C:\Program Files
\nodejs/node.exe" 
"C:\Program 
Files\nodejs/node_mo 
...
+ ~~~~~~~~~~~~~~~~~~~
~~~~~~~~~~~~~~~~~~~~~
~~~~~~~~~~~~~~~~~~~~~
~~~~~~~~
    + CategoryInfo   
           : NotSpe  
  cified: (:String   
 ) [], RemoteExce    
ption
    + FullyQualified 
   ErrorId : Native  
  CommandError
 
[31mΓÄ»ΓÄ»ΓÄ»ΓÄ»ΓÄ»Γ
Ä»ΓÄ»[39m[1m[41m 
Failed Tests 1 [49m
[22m[31mΓÄ»ΓÄ»ΓÄ»ΓÄ»
ΓÄ»ΓÄ»ΓÄ»[39m

[41m[1m FAIL 
[22m[49m src/Dashbo
ardAML.test.tsx[2m 
> [22mDashboardAML 
Component[2m > 
[22mTest 2: 
Simulate submitting 
the form with mock 
data and verify UI 
eventually displays 
AML Risk Score and 
Explanation
[31m[1mTestingLibra
ryElementError[22m[
39m: Found multiple 
elements with the 
text: /AML Risk 
Score/i

Here are the 
matching elements:

Ignored nodes: 
comments, script, 
style
[36m<h3[39m
  [33mstyle[39m=[3
2m"margin: 0px 0px 
6px; font-size: 
11px; font-weight: 
700; color: rgb(156, 
163, 175); 
text-transform: 
uppercase; 
letter-spacing: 
0.1em;"[39m
[36m>[39m
  [0mAML Risk 
Score[0m
[36m</h3>[39m

Ignored nodes: 
comments, script, 
style
[36m<h3[39m
  [33mclass[39m=[3
2m"text-xs font-bold 
text-gray-500 
uppercase 
tracking-wider mb-2 
flex 
items-center"[39m
[36m>[39m
  [36m<svg[39m
    [33mclass[39m=
[32m"w-4 h-4 
mr-1.5"[39m
    [33mfill[39m=[
32m"none"[39m
    [33mstroke[39m=
[32m"currentColor"[
39m
    [33mviewBox[39m
=[32m"0 0 24 
24"[39m
    [33mxmlns[39m=
[32m"http://www.w3.or
g/2000/svg"[39m
  [36m>[39m
    [36m<path[39m
      
[33md[39m=[32m"M9 
12l2 2 4-4m5.618-4.01
6A11.955 11.955 0 
0112 2.944a11.955 
11.955 0 01-8.618 
3.04A12.02 12.02 0 
003 9c0 5.591 3.824 
10.29 9 11.622 
5.176-1.332 9-6.03 
9-11.622 0-1.042-.133
-2.052-.382-3.016z"[
39m
      [33mstroke-lin
ecap[39m=[32m"round
"[39m
      [33mstroke-lin
ejoin[39m=[32m"roun
d"[39m
      [33mstroke-wid
th[39m=[32m"2"[39m
    [36m/>[39m
  [36m</svg>[39m
  [0mAML Risk 
Score[0m
[36m</h3>[39m

(If this is 
intentional, then 
use the `*AllBy*` 
variant of the query 
(like 
`queryAllByText`, 
`getAllByText`, or 
`findAllByText`)).

Ignored nodes: 
comments, script, 
style
[36m<body>[39m
  [36m<div>[39m
    [36m<div[39m
      [33mstyle[39m
=[32m"display: 
flex; 
flex-direction: 
column; height: 
100%;"[39m
    [36m>[39m
      
[36m<header[39m
        [33mstyle[3
9m=[32m"background: 
rgb(255, 255, 255); 
border-bottom: 1px 
solid rgb(228, 233, 
242); padding: 0px 
24px; display: flex; 
align-items: center; 
gap: 16px; height: 
64px; flex-shrink: 
0;"[39m
      [36m>[39m
        
[36m<div[39m
          [33mstyle
[39m=[32m"flex: 1 1 
0%;"[39m
        [36m>[39m
          
[36m<h1[39m
            [33mstyl
e[39m=[32m"margin: 
0px; font-size: 
18px; font-weight: 
700; color: rgb(15, 
17, 23); 
line-height: 
1.2;"[39m
          [36m>[39m
            [0mCDD 
& OSINT 
Investigation[0m
          
[36m</h1>[39m
        
[36m</div>[39m
        
[36m<div[39m
          [33mstyle
[39m=[32m"display: 
flex; align-items: 
center; gap: 
12px;"[39m
        [36m>[39m
          
[36m<div[39m
            [33mstyl
e[39m=[32m"font-siz
e: 11px; color: 
rgb(107, 114, 
128);"[39m
          [36m>[39m
            
[0mEntity:[0m
          
[36m</div>[39m
          
[36m<div[39m
            [33mstyl
e[39m=[32m"backgrou
nd: rgb(239, 246, 
255); border: 1px 
solid rgb(191, 219, 
254); border-radius: 
6px; padding: 4px 
10px; color: rgb(29, 
78, 216); font-size: 
11px; font-weight: 
700; letter-spacing: 
0.05em;"[39m
          [36m>[39m
            [0mTEST 
COMPANY LLC[0m
          
[36m</div>[39m
        
[36m</div>[39m
        
[36m<div[39m
          [33mstyle
[39m=[32m"display: 
flex; align-items: 
center; gap: 6px; 
background: rgb(240, 
253, 244); border: 
1px solid rgb(187, 
247, 208); 
border-radius: 20px; 
padding: 5px 12px; 
color: rgb(22, 163, 
74); font-size: 
11px; font-weight: 
700;"[39m
        [36m>[39m
          
[36m<span[39m
            [33mstyl
e[39m=[32m"width: 
8px; height: 8px; 
border-radius: 50%; 
background: rgb(34, 
197, 94); display: 
inline-block; 
animation: 
status-pulse 1.5s 
infinite;"[39m
          
[36m/>[39m
          [0mLOW 
RISK[0m
        
[36m</div>[39m
        
[36m<button[39m
          [33mstyle
[39m=[32m"display: 
flex; align-items: 
center; gap: 6px; 
padding: 7px 14px; 
border-radius: 8px; 
border: 1px solid 
rgb(228, 233, 242); 
background: rgb(255, 
255, 255); color: 
rgb(55, 65, 81); 
font-size: 12px; 
font-weight: 500; 
cursor: pointer; 
transition: all 
0.15s ease;"[39m
        [36m>[39m
          
[36m<svg[39m
            [33mfill
[39m=[32m"none"[39
m
            [33mheig
ht[39m=[32m"16"[39
m
            [33mstro
ke[39m=[32m"current
Color"[39m
            [33mstro
ke-linecap[39m=[32m
"round"[39m
            [33mstro
ke-linejoin[39m=[32
m"round"[39m
            [33mstro
ke-width[39m=[32m"2
"[39m
            [33mview
Box[39m=[32m"0 0 
24 24"[39m
            [33mwidt
h[39m=[32m"16"[39m
          [36m>[39m
            
[36m<path[39m
              [33md
[39m=[32m"M14 2H6a2 
2 0 0 0-2 2v16a2 2 0 
0 0 2 2h12a2 2 0 0 0 
2-2V8z"[39m
            
[36m/>[39m
            
[36m<polyline[39m
              [33mpo
ints[39m=[32m"14,2 
14,8 20,8"[39m
            
[36m/>[39m
            
[36m<line[39m
              [33mx1
[39m=[32m"16"[39m
              [33mx2
[39m=[32m"8"[39m
              [33my1
[39m=[32m"13"[39m
              [33my2
[39m=[32m"13"[39m
            
[36m/>[39m
            
[36m<line[39m
              [33mx1
[39m=[32m"16"[39m
              [33mx2
[39m=[32m"8"[39m
              [33my1
[39m=[32m"17"[39m
              [33my2
[39m=[32m"17"[39m
            
[36m/>[39m
            
[36m<polyline[39m
              [33mpo
ints[39m=[32m"10,9 
9,9 8,9"[39m
            
[36m/>[39m
          
[36m</svg>[39m
          [0mView 
Raw JSON Output[0m
        
[36m</button>[39m
        
[36m<button[39m
          [33mstyle
[39m=[32m"display: 
flex; align-items: 
center; gap: 6px; 
padding: 7px 16px; 
border-radius: 8px; 
border: medium; 
background: linear-gr
adient(135deg, 
rgb(124, 58, 237), 
rgb(109, 40, 217)); 
color: rgb(255, 255, 
255); font-size: 
12px; font-weight: 
600; cursor: 
pointer; box-shadow: 
0 2px 8px rgba(124,58
,237,0.35); 
transition: all 
0.15s ease;"[39m
        [36m>[39m
          
[36m<svg[39m
            [33mfill
[39m=[32m"none"[39
m
            [33mheig
ht[39m=[32m"16"[39
m
            [33mstro
ke[39m=[32m"current
Color"[39m
            [33mstro
ke-linecap[39m=[32m
"round"[39m
            [33mstro
ke-linejoin[39m=[32
m"round"[39m
            [33mstro
ke-width[39m=[32m"2
.5"[39m
            [33mview
Box[39m=[32m"0 0 
24 24"[39m
            [33mwidt
h[39m=[32m"16"[39m
          [36m>[39m
            
[36m<polyline[39m
              [33mpo
ints[39m=[32m"20 6 
9 17 4 12"[39m
            
[36m/>[39m
          
[36m</svg>[39m
          [0mHuman-i
n-the-Loop 
Confirm[0m
        
[36m</button>[39m
        
[36m<form[39m
          [33mstyle
[39m=[32m"display: 
flex; gap: 8px; 
align-items: center; 
margin-left: 
8px;"[39m
        [36m>[39m
          
[36m<div[39m
            [33mstyl
e[39m=[32m"position
: relative;"[39m
          [36m>[39m
            
[36m<svg[39m
              [33mfi
ll[39m=[32m"none"[
39m
              [33mhe
ight[39m=[32m"14"[
39m
              [33mst
roke[39m=[32m"curre
ntColor"[39m
              [33mst
roke-width[39m=[32m
"2"[39m
              [33mst
yle[39m=[32m"positi
on: absolute; top: 
50%; left: 10px; 
transform: 
translateY(-50%); 
color: rgb(156, 163, 
175);"[39m
              [33mvi
ewBox[39m=[32m"0 0 
24 24"[39m
              [33mwi
dth[39m=[32m"14"[3
9m
            
[36m>[39m
              
[36m<circle[39m
                [33m
cx[39m=[32m"11"[39
m
                [33m
cy[39m=[32m"11"[39
m
                [33m
r[39m=[32m"8"[39m
              
[36m/>[39m
              
[36m<line[39m
                [33m
x1[39m=[32m"21"[39
m
                [33m
x2[39m=[32m"16.65"
[39m
                [33m
y1[39m=[32m"21"[39
m
                [33m
y2[39m=[32m"16.65"
[39m
              
[36m/>[39m
            
[36m</svg>[39m
            
[36m<input[39m
              [33mpl
aceholder[39m=[32m"
Enter company 
name..."[39m
              [33mre
quired[39m=[32m""[
39m
              [33mst
yle[39m=[32m"paddin
g: 7px 12px 7px 
32px; border: 1px 
solid rgb(228, 233, 
242); border-radius: 
8px; font-size: 
12px; color: rgb(55, 
65, 81); outline: 
none; width: 220px; 
font-family: Inter, 
sans-serif;"[39m
              [33mty
pe[39m=[32m"text"[
39m
              [33mva
lue[39m=[32m"Test 
Company LLC"[39m
            
[36m/>[39m
          
[36m</div>[39m
          
[36m<button[39m
            [33mstyl
e[39m=[32m"padding:
 7px 16px; 
border-radius: 8px; 
border: medium; 
background: rgb(59, 
130, 246); color: 
rgb(255, 255, 255); 
font-size: 12px; 
font-weight: 600; 
cursor: pointer; 
display: flex; 
align-items: center; 
gap: 6px; 
font-family: Inter, 
sans-serif; 
transition: 
background 
0.15s;"[39m
            [33mtype
[39m=[32m"submit"[
39m
          [36m>[39m
            
[0mSubmit[0m
          
[36m</button>[39...

Ignored nodes: 
comments, script, 
style
[36m<html>[39m
  [36m<head />[39m
  [36m<body>[39m
    [36m<div>[39m
      [36m<div[39m
        [33mstyle[3
9m=[32m"display: 
flex; 
flex-direction: 
column; height: 
100%;"[39m
      [36m>[39m
        
[36m<header[39m
          [33mstyle
[39m=[32m"background
: rgb(255, 255, 
255); border-bottom: 
1px solid rgb(228, 
233, 242); padding: 
0px 24px; display: 
flex; align-items: 
center; gap: 16px; 
height: 64px; 
flex-shrink: 0;"[39m
        [36m>[39m
          
[36m<div[39m
            [33mstyl
e[39m=[32m"flex: 1 
1 0%;"[39m
          [36m>[39m
            
[36m<h1[39m
              [33mst
yle[39m=[32m"margin
: 0px; font-size: 
18px; font-weight: 
700; color: rgb(15, 
17, 23); 
line-height: 
1.2;"[39m
            
[36m>[39m
              
[0mCDD & OSINT 
Investigation[0m
            
[36m</h1>[39m
          
[36m</div>[39m
          
[36m<div[39m
            [33mstyl
e[39m=[32m"display:
 flex; align-items: 
center; gap: 
12px;"[39m
          [36m>[39m
            
[36m<div[39m
              [33mst
yle[39m=[32m"font-s
ize: 11px; color: 
rgb(107, 114, 
128);"[39m
            
[36m>[39m
              
[0mEntity:[0m
            
[36m</div>[39m
            
[36m<div[39m

[2m Test Files [22m [1m[31m1 failed[39m[22m[90m (1)[39m
[2m      Tests [22m [1m[31m1 failed[39m[22m[2m | [22m[1m[32m1 passed[39m[22m[90m (2)[39m
[2m   Start at [22m 00:20:50
[2m   Duration [22m 3.58s[2m (transform 162ms, setup 141ms, import 265ms, tests 1.84s, environment 1.04s)[22m

              [33mst
yle[39m=[32m"backgr
ound: rgb(239, 246, 
255); border: 1px 
solid rgb(191, 219, 
254); border-radius: 
6px; padding: 4px 
10px; color: rgb(29, 
78, 216); font-size: 
11px; font-weight: 
700; letter-spacing: 
0.05em;"[39m
            
[36m>[39m
              
[0mTEST COMPANY 
LLC[0m
            
[36m</div>[39m
          
[36m</div>[39m
          
[36m<div[39m
            [33mstyl
e[39m=[32m"display:
 flex; align-items: 
center; gap: 6px; 
background: rgb(240, 
253, 244); border: 
1px solid rgb(187, 
247, 208); 
border-radius: 20px; 
padding: 5px 12px; 
color: rgb(22, 163, 
74); font-size: 
11px; font-weight: 
700;"[39m
          [36m>[39m
            
[36m<span[39m
              [33mst
yle[39m=[32m"width:
 8px; height: 8px; 
border-radius: 50%; 
background: rgb(34, 
197, 94); display: 
inline-block; 
animation: 
status-pulse 1.5s 
infinite;"[39m
            
[36m/>[39m
            [0mLOW 
RISK[0m
          
[36m</div>[39m
          
[36m<button[39m
            [33mstyl
e[39m=[32m"display:
 flex; align-items: 
center; gap: 6px; 
padding: 7px 14px; 
border-radius: 8px; 
border: 1px solid 
rgb(228, 233, 242); 
background: rgb(255, 
255, 255); color: 
rgb(55, 65, 81); 
font-size: 12px; 
font-weight: 500; 
cursor: pointer; 
transition: all 
0.15s ease;"[39m
          [36m>[39m
            
[36m<svg[39m
              [33mfi
ll[39m=[32m"none"[
39m
              [33mhe
ight[39m=[32m"16"[
39m
              [33mst
roke[39m=[32m"curre
ntColor"[39m
              [33mst
roke-linecap[39m=[3
2m"round"[39m
              [33mst
roke-linejoin[39m=[
32m"round"[39m
              [33mst
roke-width[39m=[32m
"2"[39m
              [33mvi
ewBox[39m=[32m"0 0 
24 24"[39m
              [33mwi
dth[39m=[32m"16"[3
9m
            
[36m>[39m
              
[36m<path[39m
                [33m
d[39m=[32m"M14 
2H6a2 2 0 0 0-2 
2v16a2 2 0 0 0 2 
2h12a2 2 0 0 0 
2-2V8z"[39m
              
[36m/>[39m
              
[36m<polyline[39m
                [33m
points[39m=[32m"14,
2 14,8 20,8"[39m
              
[36m/>[39m
              
[36m<line[39m
                [33m
x1[39m=[32m"16"[39
m
                [33m
x2[39m=[32m"8"[39m
                [33m
y1[39m=[32m"13"[39
m
                [33m
y2[39m=[32m"13"[39
m
              
[36m/>[39m
              
[36m<line[39m
                [33m
x1[39m=[32m"16"[39
m
                [33m
x2[39m=[32m"8"[39m
                [33m
y1[39m=[32m"17"[39
m
                [33m
y2[39m=[32m"17"[39
m
              
[36m/>[39m
              
[36m<polyline[39m
                [33m
points[39m=[32m"10,
9 9,9 8,9"[39m
              
[36m/>[39m
            
[36m</svg>[39m
            [0mView 
Raw JSON Output[0m
          
[36m</button>[39m
          
[36m<button[39m
            [33mstyl
e[39m=[32m"display:
 flex; align-items: 
center; gap: 6px; 
padding: 7px 16px; 
border-radius: 8px; 
border: medium; 
background: linear-gr
adient(135deg, 
rgb(124, 58, 237), 
rgb(109, 40, 217)); 
color: rgb(255, 255, 
255); font-size: 
12px; font-weight: 
600; cursor: 
pointer; box-shadow: 
0 2px 8px rgba(124,58
,237,0.35); 
transition: all 
0.15s ease;"[39m
          [36m>[39m
            
[36m<svg[39m
              [33mfi
ll[39m=[32m"none"[
39m
              [33mhe
ight[39m=[32m"16"[
39m
              [33mst
roke[39m=[32m"curre
ntColor"[39m
              [33mst
roke-linecap[39m=[3
2m"round"[39m
              [33mst
roke-linejoin[39m=[
32m"round"[39m
              [33mst
roke-width[39m=[32m
"2.5"[39m
              [33mvi
ewBox[39m=[32m"0 0 
24 24"[39m
              [33mwi
dth[39m=[32m"16"[3
9m
            
[36m>[39m
              
[36m<polyline[39m
                [33m
points[39m=[32m"20 
6 9 17 4 12"[39m
              
[36m/>[39m
            
[36m</svg>[39m
            [0mHuman
-in-the-Loop 
Confirm[0m
          
[36m</button>[39m
          
[36m<form[39m
            [33mstyl
e[39m=[32m"display:
 flex; gap: 8px; 
align-items: center; 
margin-left: 
8px;"[39m
          [36m>[39m
            
[36m<div[39m
              [33mst
yle[39m=[32m"positi
on: relative;"[39m
            
[36m>[39m
              
[36m<svg[39m
                [33m
fill[39m=[32m"none"
[39m
                [33m
height[39m=[32m"14"
[39m
                [33m
stroke[39m=[32m"cur
rentColor"[39m
                [33m
stroke-width[39m=[3
2m"2"[39m
                [33m
style[39m=[32m"posi
tion: absolute; top: 
50%; left: 10px; 
transform: 
translateY(-50%); 
color: rgb(156, 163, 
175);"[39m
                [33m
viewBox[39m=[32m"0 
0 24 24"[39m
                [33m
width[39m=[32m"14"
[39m
              
[36m>[39m
                
[36m<circle[39m
                  [3
3mcx[39m=[32m"11"[
39m
                  [3
3mcy[39m=[32m"11"[
39m
                  [3
3mr[39m=[32m"8"[39
m
                
[36m/>[39m
                
[36m<line[39m
                  [3
3mx1[39m=[32m"21"[
39m
                  [3
3mx2[39m=[32m"16.65
"[39m
                  [3
3my1[39m=[32m"21"[
39m
                  [3
3my2[39m=[32m"16.65
"[39m
                
[36m/>[39m
              
[36m</svg>[39m
              
[36m<input[39m
                [33m
placeholder[39m=[32
m"Enter company 
name..."[39m
                [33m
required[39m=[32m""
[39m
                [33m
style[39m=[32m"padd
ing: 7px 12px 7px 
32px; border: 1px 
solid rgb(228, 233, 
242); border-radius: 
8px; font-size: 
12px; color: rgb(55, 
65, 81); outline: 
none; width: 220px; 
font-family: Inter, 
sans-serif;"[39m
                [33m
type[39m=[32m"text"
[39m
                [33m
value[39m=[32m"Test
 Company LLC"[39m
              
[36m/>[39m
            
[36m</div>[39m
            
[36m<button[39m
              [33mst
yle[39m=[32m"paddin
g: 7px 16px; 
border-radius: 8px; 
border: medium; 
background: rgb(59, 
130, 246); color: 
rgb(255...
[90m [2mΓ¥»[22m 
Proxy.waitForWrapper 
node_modules/@testing
-library/dom/dist/wai
t-for.js:[2m163:27[
22m[39m
[36m [2mΓ¥»[22m sr
c/DashboardAML.test.t
sx:[2m69:11[22m[39
m
    [90m 67|[39m
    [90m 68|[39m   
  [90m// Verify the 
UI displays the 
required 
sections[39m
    [90m 69|[39m   
  [35mawait[39m 
[34mwaitFor[39m(() 
[33m=>[39m {
    [90m   |[39m   
        [31m^[39m
    [90m 70|[39m   
    [34mexpect[39m(
screen[33m.[39m[34
mgetByText[39m([36m
/AML Risk Score/i[39
m))[33m.[39m[34mto
BeInTheDocument[39m(
)[33m;[39m
    [90m 71|[39m   
    expect(screen.get
ByText(/Explanation 
\(Chain of 
Thought\)/i)).toΓÇª

[31m[2mΓÄ»ΓÄ»ΓÄ»ΓÄ»
ΓÄ»ΓÄ»ΓÄ»ΓÄ»ΓÄ»ΓÄ»ΓÄ»
ΓÄ»ΓÄ»ΓÄ»ΓÄ»ΓÄ»ΓÄ»ΓÄ»
ΓÄ»ΓÄ»ΓÄ»ΓÄ»ΓÄ»ΓÄ»[1/
1]ΓÄ»[22m[39m

